1.625545998289206207e+00
1.203642228486797361e+00
1.183733122429617923e+00
3.705732513180119009e-02
