5.669456038320261904e-01
2.293889056540007743e-01
3.733402985002281516e-01
5.071904687206132412e-01
