7.412848428555950386e-01
2.865911727955275934e-01
4.754603264655726247e-01
6.513874605831785347e-01
