{"ivorn": "ivo://gwnet/LVC#S200302c-1-Preliminary", "role": "observation", "version": "2.0", "Who": {"Date": "2020-03-02T02:00:09", "Author": {"contactName": "LIGO Scientific Collaboration and Virgo Collaboration"}}, "What": {"Param": [{"dataType": "int", "name": "Packet_Type", "value": "150", "Description": "The Notice Type number is assigned/used within GCN, eg type=150 is an LVC_PRELIMINARY notice"}, {"dataType": "int", "name": "internal", "value": "0", "Description": "Indicates whether this event should be distributed to LSC/Virgo members only"}, {"dataType": "int", "name": "Pkt_Ser_Num", "value": "1", "Description": "A number that increments by 1 each time a new revision is issued for this event"}, {"dataType": "string", "name": "GraceID", "ucd": "meta.id", "value": "S200302c", "Description": "Identifier in GraceDB"}, {"dataType": "string", "name": "AlertType", "ucd": "meta.version", "value": "Preliminary", "Description": "VOEvent alert type"}, {"dataType": "int", "name": "HardwareInj", "ucd": "meta.number", "value": "0", "Description": "Indicates that this event is a hardware injection if 1, no if 0"}, {"dataType": "int", "name": "OpenAlert", "ucd": "meta.number", "value": "1", "Description": "Indicates that this event is an open alert if 1, no if 0"}, {"dataType": "string", "name": "EventPage", "ucd": "meta.ref.url", "value": "https://gracedb.ligo.org/superevents/S200302c/view/", "Description": "Web page for evolving status of this GW candidate"}, {"dataType": "string", "name": "Instruments", "ucd": "meta.code", "value": "H1,V1", "Description": "List of instruments used in analysis to identify this event"}, {"dataType": "float", "name": "FAR", "ucd": "arith.rate;stat.falsealarm", "unit": "Hz", "value": "9.349090689402942e-09", "Description": "False alarm rate for GW candidates with this strength or greater"}, {"dataType": "string", "name": "Group", "ucd": "meta.code", "value": "CBC", "Description": "Data analysis working group"}, {"dataType": "string", "name": "Pipeline", "ucd": "meta.code", "value": "gstlal", "Description": "Low-latency data analysis pipeline"}, {"dataType": "string", "name": "Search", "ucd": "meta.code", "value": "AllSky", "Description": "Specific low-latency search"}], "Group": [{"name": "GW_SKYMAP", "type": "GW_SKYMAP", "Param": {"dataType": "string", "name": "skymap_fits", "ucd": "meta.ref.url", "value": "https://gracedb.ligo.org/api/superevents/S200302c/files/bayestar.fits.gz,0", "Description": "Sky Map FITS"}}, {"name": "Classification", "type": "Classification", "Param": [{"dataType": "float", "name": "BNS", "ucd": "stat.probability", "value": "0.0", "Description": "Probability that the source is a binary neutron star merger (both objects lighter than 3 solar masses)"}, {"dataType": "float", "name": "NSBH", "ucd": "stat.probability", "value": "0.0", "Description": "Probability that the source is a neutron star-black hole merger (primary heavier than 5 solar masses, secondary lighter than 3 solar masses)"}, {"dataType": "float", "name": "BBH", "ucd": "stat.probability", "value": "0.8895532192171397", "Description": "Probability that the source is a binary black hole merger (both objects heavier than 5 solar masses)"}, {"dataType": "float", "name": "MassGap", "ucd": "stat.probability", "value": "0.0", "Description": "Probability that the source has at least one object between 3 and 5 solar masses"}, {"dataType": "float", "name": "Terrestrial", "ucd": "stat.probability", "value": "0.11044678078286028", "Description": "Probability that the source is terrestrial (i.e., a background noise fluctuation or a glitch)"}], "Description": "Source classification: binary neutron star (BNS), neutron star-black hole (NSBH), binary black hole (BBH), MassGap, or terrestrial (noise)"}, {"name": "Properties", "type": "Properties", "Param": [{"dataType": "float", "name": "HasNS", "ucd": "stat.probability", "value": "0.0", "Description": "Probability that at least one object in the binary has a mass that is less than 3 solar masses"}, {"dataType": "float", "name": "HasRemnant", "ucd": "stat.probability", "value": "0.0", "Description": "Probability that a nonzero mass was ejected outside the central remnant object"}], "Description": "Qualitative properties of the source, conditioned on the assumption that the signal is an astrophysical compact binary merger"}]}, "WhereWhen": {"ObsDataLocation": {"ObservatoryLocation": {"id": "LIGO Virgo"}, "ObservationLocation": {"AstroCoordSystem": {"id": "UTC-FK5-GEO"}, "AstroCoords": {"coord_system_id": "UTC-FK5-GEO", "Time": {"unit": "s", "TimeInstant": {"ISOTime": "2020-03-02T01:58:11.519119"}}}}}}, "How": {"Description": ["Candidate gravitational wave event identified by low-latency analysis", "V1: Virgo 3 km gravitational wave detector", "H1: LIGO Hanford 4 km gravitational wave detector"]}, "Why": {}, "Citations": {}, "Description": "Report of a candidate gravitational wave event", "Reference": {}}
