5.149029860540811354e-01
2.009890044017997202e+00
