5.149684200950115365e-01
2.009889076285043874e+00
